Last login: Tue Oct 26 19:33:06 on ttys003
ianhill@ians-MacBook-Pro ~ % git init
Reinitialized existing Git repository in /Users/ianhill/.git/
ianhill@ians-MacBook-Pro ~ % git status
warning: could not open directory '.Trash/': Operation not permitted
On branch master

No commits yet

Untracked files:
  (use "git add <file>..." to include in what will be committed)
	.CFUserTextEncoding
	.DS_Store
	.bash_history
	.bash_sessions/
	.vscode/
	.zsh_history
	.zsh_sessions/
	Applications/
	Desktop/
	Documents/
	Downloads/
	Library/
	Movies/
	Music/
	Pictures/
	Public/
	Zotero/
	iCloud Drive (Archive) - 1/
	iCloud Drive (Archive)/
	sample/

nothing added to commit but untracked files present (use "git add" to track)
ianhill@ians-MacBook-Pro ~ % git staus
git: 'staus' is not a git command. See 'git --help'.

The most similar command is
	status
ianhill@ians-MacBook-Pro ~ % touch index.html
ianhill@ians-MacBook-Pro ~ % git status
warning: could not open directory '.Trash/': Operation not permitted
On branch master

No commits yet

Untracked files:
  (use "git add <file>..." to include in what will be committed)
	.CFUserTextEncoding
	.DS_Store
	.bash_history
	.bash_sessions/
	.vscode/
	.zsh_history
	.zsh_sessions/
	Applications/
	Desktop/
	Documents/
	Downloads/
	Library/
	Movies/
	Music/
	Pictures/
	Public/
	Zotero/
	iCloud Drive (Archive) - 1/
	iCloud Drive (Archive)/
	index.html
	sample/

nothing added to commit but untracked files present (use "git add" to track)
ianhill@ians-MacBook-Pro ~ % git add index.html
ianhill@ians-MacBook-Pro ~ % git status
warning: could not open directory '.Trash/': Operation not permitted
On branch master

No commits yet

Changes to be committed:
  (use "git rm --cached <file>..." to unstage)
	new file:   index.html

Untracked files:
  (use "git add <file>..." to include in what will be committed)
	.CFUserTextEncoding
	.DS_Store
	.bash_history
	.bash_sessions/
	.vscode/
	.zsh_history
	.zsh_sessions/
	Applications/
	Desktop/
	Documents/
	Downloads/
	Library/
	Movies/
	Music/
	Pictures/
	Public/
	Zotero/
	iCloud Drive (Archive) - 1/
	iCloud Drive (Archive)/
	sample/

ianhill@ians-MacBook-Pro ~ % git commit -m "adss empty index.html" file
error: pathspec 'file' did not match any file(s) known to git
ianhill@ians-MacBook-Pro ~ % git commit -m "adds empty index.html"
[master (root-commit) 1711bfa] adds empty index.html
 Committer: ian Hill <ianhill@ians-MacBook-Pro.local>
Your name and email address were configured automatically based
on your username and hostname. Please check that they are accurate.
You can suppress this message by setting them explicitly. Run the
following command and follow the instructions in your editor to edit
your configuration file:

    git config --global --edit

After doing this, you may fix the identity used for this commit with:

    git commit --amend --reset-author

 1 file changed, 0 insertions(+), 0 deletions(-)
 create mode 100644 index.html
ianhill@ians-MacBook-Pro ~ % git add <filename>
zsh: parse error near `\n'
ianhill@ians-MacBook-Pro ~ % git commit - "what this commit does"
error: pathspec '-' did not match any file(s) known to git
error: pathspec 'what this commit does' did not match any file(s) known to git
ianhill@ians-MacBook-Pro ~ % 
